******************************************************************************
                  TI ARM Linker PC v20.2.6                     
******************************************************************************
>> Linked Sat Nov 25 08:26:34 2023

OUTPUT FILE NAME:   <rtos_proj.out>
ENTRY POINT SYMBOL: "_c_int00_noargs"  address: 000028b1


MEMORY CONFIGURATION

         name            origin    length      used     unused   attr    fill
----------------------  --------  ---------  --------  --------  ----  --------
  FLASH                 00000000   00040000  0000298c  0003d674  R  X
  SRAM                  20000000   00008000  000004a6  00007b5a  RW X


SEGMENT ALLOCATION MAP

run origin  load origin   length   init length attrs members
----------  ----------- ---------- ----------- ----- -------
00000000    00000000    00002990   00002990    r-x
  00000000    00000000    0000026c   0000026c    r-- .intvecs
  0000026c    0000026c    000026e8   000026e8    r-x .text
  00002958    00002958    00000038   00000038    r-- .cinit
20000000    20000000    000004ac   00000000    rw-
  20000000    20000000    0000029a   00000000    rw- .bss
  200002a0    200002a0    00000200   00000000    rw- .stack
  200004a0    200004a0    0000000c   00000000    rw- .data


SECTION ALLOCATION MAP

 output                                  attributes/
section   page    origin      length       input sections
--------  ----  ----------  ----------   ----------------
.intvecs   0    00000000    0000026c     
                  00000000    0000026c     tm4c123gh6pm_startup_ccs.obj (.intvecs)

.text      0    0000026c    000026e8     
                  0000026c    00000808     gpio.obj (.text)
                  00000a74    000007b4     kernel.obj (.text)
                  00001228    000004e4     tasks.obj (.text)
                  0000170c    00000490     mm.obj (.text)
                  00001b9c    000003d4     faults.obj (.text)
                  00001f70    000003b0     commands.obj (.text)
                  00002320    00000180     rtos.obj (.text)
                  000024a0    00000164     uart0.obj (.text)
                  00002604    00000122     arm.obj (.text)
                  00002726    0000009c     rtsv7M4_T_le_v4SPD16_eabi.lib : memcpy_t2.asm.obj (.text)
                  000027c2    00000068                                   : copy_decompress_lzss.c.obj (.text:decompress:lzss:__TI_decompress_lzss)
                  0000282a    00000002                                   : div0.asm.obj (.text)
                  0000282c    00000044                                   : autoinit.c.obj (.text:__TI_auto_init_nobinit_nopinit:__TI_auto_init_nobinit_nopinit)
                  00002870    00000040                                   : u_divt2.asm.obj (.text)
                  000028b0    00000034                                   : boot_cortex_m.c.obj (.text:_c_int00_noargs:_c_int00_noargs)
                  000028e4    00000024     wait.obj (.text)
                  00002908    0000001c     rtsv7M4_T_le_v4SPD16_eabi.lib : copy_zero_init.c.obj (.text:decompress:ZI:__TI_zero_init_nomemset:__TI_zero_init_nomemset)
                  00002924    00000010     clock.obj (.text)
                  00002934    0000000e     rtsv7M4_T_le_v4SPD16_eabi.lib : copy_decompress_none.c.obj (.text:decompress:none:__TI_decompress_none)
                  00002942    0000000a     tm4c123gh6pm_startup_ccs.obj (.text)
                  0000294c    00000004     rtsv7M4_T_le_v4SPD16_eabi.lib : pre_init.c.obj (.text:_system_pre_init)
                  00002950    00000004                                   : exit.c.obj (.text:abort:abort)

.cinit     0    00002958    00000038     
                  00002958    00000010     (.cinit..data.load) [load image, compression = lzss]
                  00002968    0000000c     (__TI_handler_table)
                  00002974    00000004     --HOLE-- [fill = 0]
                  00002978    00000008     (.cinit..bss.load) [load image, compression = zero_init]
                  00002980    00000010     (__TI_cinit_table)

.init_array 
*          0    00000000    00000000     UNINITIALIZED

.bss       0    20000000    0000029a     UNINITIALIZED
                  20000000    00000240     (.common:tcb)
                  20000240    00000024     (.common:semaphores)
                  20000264    00000020     (.common:mem_map)
                  20000284    00000010     (.common:mutexes)
                  20000294    00000006     mm.obj (.bss)

.data      0    200004a0    0000000c     UNINITIALIZED
                  200004a0    00000008     faults.obj (.data)
                  200004a8    00000004     kernel.obj (.data)

.stack     0    200002a0    00000200     UNINITIALIZED
                  200002a0    00000004     rtsv7M4_T_le_v4SPD16_eabi.lib : boot_cortex_m.c.obj (.stack)
                  200002a4    000001fc     --HOLE--

__llvm_prf_cnts 
*          0    20000000    00000000     UNINITIALIZED

MODULE SUMMARY

       Module                         code   ro data   rw data
       ------                         ----   -------   -------
    .\
       kernel.obj                     1972   0         632    
       gpio.obj                       2056   0         0      
       tasks.obj                      1252   0         0      
       mm.obj                         1168   0         38     
       faults.obj                     980    0         8      
       commands.obj                   944    0         0      
       tm4c123gh6pm_startup_ccs.obj   10     620       0      
       rtos.obj                       384    0         0      
       uart0.obj                      356    0         0      
       arm.obj                        290    0         0      
       wait.obj                       36     0         0      
       clock.obj                      16     0         0      
    +--+------------------------------+------+---------+---------+
       Total:                         9464   620       678    
                                                              
    C:\ti\ccs1200\ccs\tools\compiler\ti-cgt-arm_20.2.6.LTS\lib\rtsv7M4_T_le_v4SPD16_eabi.lib
       memcpy_t2.asm.obj              156    0         0      
       copy_decompress_lzss.c.obj     104    0         0      
       autoinit.c.obj                 68     0         0      
       u_divt2.asm.obj                64     0         0      
       boot_cortex_m.c.obj            52     0         0      
       copy_zero_init.c.obj           28     0         0      
       copy_decompress_none.c.obj     14     0         0      
       exit.c.obj                     4      0         0      
       pre_init.c.obj                 4      0         0      
       div0.asm.obj                   2      0         0      
    +--+------------------------------+------+---------+---------+
       Total:                         496    0         0      
                                                              
       Stack:                         0      0         512    
       Linker Generated:              0      52        0      
    +--+------------------------------+------+---------+---------+
       Grand Total:                   9960   672       1190   


LINKER GENERATED COPY TABLES

__TI_cinit_table @ 00002980 records: 2, size/record: 8, table size: 16
	.data: load addr=00002958, load size=00000010 bytes, run addr=200004a0, run size=0000000c bytes, compression=lzss
	.bss: load addr=00002978, load size=00000008 bytes, run addr=20000000, run size=0000029a bytes, compression=zero_init


LINKER GENERATED HANDLER TABLE

__TI_handler_table @ 00002968 records: 3, size/record: 4, table size: 12
	index: 0, handler: __TI_decompress_lzss
	index: 1, handler: __TI_decompress_none
	index: 2, handler: __TI_zero_init


GLOBAL SYMBOLS: SORTED ALPHABETICALLY BY Name 

address   name                          
-------   ----                          
00002951  C$$EXIT                       
00002943  ResetISR                      
200004a0  __STACK_END                   
00000200  __STACK_SIZE                  
200004a0  __STACK_TOP                   
00002980  __TI_CINIT_Base               
00002990  __TI_CINIT_Limit              
00002968  __TI_Handler_Table_Base       
00002974  __TI_Handler_Table_Limit      
0000282d  __TI_auto_init_nobinit_nopinit
000027c3  __TI_decompress_lzss          
00002935  __TI_decompress_none          
ffffffff  __TI_pprof_out_hndl           
ffffffff  __TI_prof_data_size           
ffffffff  __TI_prof_data_start          
00000000  __TI_static_base__            
00002909  __TI_zero_init_nomemset       
0000282b  __aeabi_idiv0                 
0000282b  __aeabi_ldiv0                 
00002727  __aeabi_memcpy                
00002727  __aeabi_memcpy4               
00002727  __aeabi_memcpy8               
00002871  __aeabi_uidiv                 
00002871  __aeabi_uidivmod              
ffffffff  __binit__                     
ffffffff  __c_args__                    
UNDEFED   __mpu_init                    
200002a0  __stack                       
20000000  __start___llvm_prf_cnts       
20000000  __stop___llvm_prf_cnts        
000028b1  _c_int00_noargs               
UNDEFED   _system_post_cinit            
0000294d  _system_pre_init              
00002951  abort                         
0000189d  allowFlashAccess              
00001871  allowOverallAccess            
000018d3  allowPeripheralAccess         
00002055  atoi                          
ffffffff  binit                         
00001e23  busFaultIsr                   
000008c1  clearPinInterrupt             
00000b77  createThread                  
000015e5  debounce                      
0000089d  disablePinInterrupt           
000005d5  disablePinPulldown            
0000058d  disablePinPullup              
00000329  disablePort                   
00002625  div0                          
00000879  enablePinInterrupt            
000005b1  enablePinPulldown             
0000055f  enablePinPullup               
0000026d  enablePort                    
0000164b  errant                        
0000170d  find_large_block              
00000cd3  find_lowest_prio              
000017f1  find_small_block              
0000143d  flash4Hz                      
00000000  g_pfnVectors                  
000022b7  getFieldInteger               
00002287  getFieldString                
0000092f  getPinValue                   
000009e5  getPortValue                  
000019c5  getSrdMask                    
000025a1  getcUart0                     
00002647  getmsp                        
0000263d  getpsp                        
00002115  getsUart0                     
00001da3  hardFaultIsr                  
000013f5  idle                          
00001419  idle2                         
000016a3  important                     
00001229  initHw                        
00001b5d  initMpu                       
00000a75  initMutex                     
00000ad7  initRtos                      
00000a9b  initSemaphore                 
00002925  initSystemClockTo40Mhz        
000024a1  initUart0                     
000022f7  isCommand                     
00001fc3  itoa                          
000025b5  kbhitUart0                    
000014a1  lengthyFn                     
00000dc7  lock                          
00002321  main                          
00001835  mallocFromHeap                
20000264  mem_map                       
00002727  memcpy                        
0000260d  movepsp                       
00001b9d  mpuFaultIsr                   
20000284  mutexes                       
0000146b  oneshot                       
0000219b  parseFields                   
00001491  partOfLengthyFn               
00000e9f  pendSvIsr                     
000026b7  popreg                        
00000dfd  post                          
200004aa  priority_schedule             
0000265f  pushreg                       
00002705  pushregfake                   
00002559  putcUart0                     
00002575  putsUart0                     
00001525  readKeys                      
0000132b  readPbs                       
00000cb1  restartThread                 
00001f71  reverse                       
00000d4f  rtosScheduler                 
00000e11  sched                         
00000493  selectPinAnalogInput          
00000445  selectPinDigitalInput         
000007af  selectPinInterruptBothEdges   
0000075f  selectPinInterruptFallingEdge 
00000805  selectPinInterruptHighLevel   
0000083f  selectPinInterruptLowLevel    
0000070f  selectPinInterruptRisingEdge  
000003f7  selectPinOpenDrainOutput      
000003a9  selectPinPushPullOutput       
20000240  semaphores                    
000005fd  setPinAuxFunction             
000004e3  setPinCommitControl           
000008e5  setPinValue                   
0000096d  setPortValue                  
00001b0d  setSrdMask                    
00000cc5  setThreadPriority             
00002515  setUart0BaudRate              
00002617  setasp                        
00002651  setpc                         
0000262f  settmpl                       
0000190d  setupSramAccess               
00000dbb  sleep                         
00000b25  startRtos                     
00000cbb  stopThread                    
000020d3  strcmp                        
0000208f  strcpy                        
00000f39  svCallIsr                     
00000e31  systickIsr                    
200004a9  taskCount                     
200004a8  taskCurrent                   
20000000  tcb                           
0000090b  togglePinValue                
00001627  uncooperative                 
00000dd5  unlock                        
00001e49  usageFaultIsr                 
00000de9  wait                          
000028e5  waitMicrosecond               
00000db7  yield                         


GLOBAL SYMBOLS: SORTED BY Symbol Address 

address   name                          
-------   ----                          
00000000  __TI_static_base__            
00000000  g_pfnVectors                  
00000200  __STACK_SIZE                  
0000026d  enablePort                    
00000329  disablePort                   
000003a9  selectPinPushPullOutput       
000003f7  selectPinOpenDrainOutput      
00000445  selectPinDigitalInput         
00000493  selectPinAnalogInput          
000004e3  setPinCommitControl           
0000055f  enablePinPullup               
0000058d  disablePinPullup              
000005b1  enablePinPulldown             
000005d5  disablePinPulldown            
000005fd  setPinAuxFunction             
0000070f  selectPinInterruptRisingEdge  
0000075f  selectPinInterruptFallingEdge 
000007af  selectPinInterruptBothEdges   
00000805  selectPinInterruptHighLevel   
0000083f  selectPinInterruptLowLevel    
00000879  enablePinInterrupt            
0000089d  disablePinInterrupt           
000008c1  clearPinInterrupt             
000008e5  setPinValue                   
0000090b  togglePinValue                
0000092f  getPinValue                   
0000096d  setPortValue                  
000009e5  getPortValue                  
00000a75  initMutex                     
00000a9b  initSemaphore                 
00000ad7  initRtos                      
00000b25  startRtos                     
00000b77  createThread                  
00000cb1  restartThread                 
00000cbb  stopThread                    
00000cc5  setThreadPriority             
00000cd3  find_lowest_prio              
00000d4f  rtosScheduler                 
00000db7  yield                         
00000dbb  sleep                         
00000dc7  lock                          
00000dd5  unlock                        
00000de9  wait                          
00000dfd  post                          
00000e11  sched                         
00000e31  systickIsr                    
00000e9f  pendSvIsr                     
00000f39  svCallIsr                     
00001229  initHw                        
0000132b  readPbs                       
000013f5  idle                          
00001419  idle2                         
0000143d  flash4Hz                      
0000146b  oneshot                       
00001491  partOfLengthyFn               
000014a1  lengthyFn                     
00001525  readKeys                      
000015e5  debounce                      
00001627  uncooperative                 
0000164b  errant                        
000016a3  important                     
0000170d  find_large_block              
000017f1  find_small_block              
00001835  mallocFromHeap                
00001871  allowOverallAccess            
0000189d  allowFlashAccess              
000018d3  allowPeripheralAccess         
0000190d  setupSramAccess               
000019c5  getSrdMask                    
00001b0d  setSrdMask                    
00001b5d  initMpu                       
00001b9d  mpuFaultIsr                   
00001da3  hardFaultIsr                  
00001e23  busFaultIsr                   
00001e49  usageFaultIsr                 
00001f71  reverse                       
00001fc3  itoa                          
00002055  atoi                          
0000208f  strcpy                        
000020d3  strcmp                        
00002115  getsUart0                     
0000219b  parseFields                   
00002287  getFieldString                
000022b7  getFieldInteger               
000022f7  isCommand                     
00002321  main                          
000024a1  initUart0                     
00002515  setUart0BaudRate              
00002559  putcUart0                     
00002575  putsUart0                     
000025a1  getcUart0                     
000025b5  kbhitUart0                    
0000260d  movepsp                       
00002617  setasp                        
00002625  div0                          
0000262f  settmpl                       
0000263d  getpsp                        
00002647  getmsp                        
00002651  setpc                         
0000265f  pushreg                       
000026b7  popreg                        
00002705  pushregfake                   
00002727  __aeabi_memcpy                
00002727  __aeabi_memcpy4               
00002727  __aeabi_memcpy8               
00002727  memcpy                        
000027c3  __TI_decompress_lzss          
0000282b  __aeabi_idiv0                 
0000282b  __aeabi_ldiv0                 
0000282d  __TI_auto_init_nobinit_nopinit
00002871  __aeabi_uidiv                 
00002871  __aeabi_uidivmod              
000028b1  _c_int00_noargs               
000028e5  waitMicrosecond               
00002909  __TI_zero_init_nomemset       
00002925  initSystemClockTo40Mhz        
00002935  __TI_decompress_none          
00002943  ResetISR                      
0000294d  _system_pre_init              
00002951  C$$EXIT                       
00002951  abort                         
00002968  __TI_Handler_Table_Base       
00002974  __TI_Handler_Table_Limit      
00002980  __TI_CINIT_Base               
00002990  __TI_CINIT_Limit              
20000000  __start___llvm_prf_cnts       
20000000  __stop___llvm_prf_cnts        
20000000  tcb                           
20000240  semaphores                    
20000264  mem_map                       
20000284  mutexes                       
200002a0  __stack                       
200004a0  __STACK_END                   
200004a0  __STACK_TOP                   
200004a8  taskCurrent                   
200004a9  taskCount                     
200004aa  priority_schedule             
ffffffff  __TI_pprof_out_hndl           
ffffffff  __TI_prof_data_size           
ffffffff  __TI_prof_data_start          
ffffffff  __binit__                     
ffffffff  __c_args__                    
ffffffff  binit                         
UNDEFED   __mpu_init                    
UNDEFED   _system_post_cinit            

[145 symbols]
